stm32l5xx_ll_bus.h:435:22:LL_AHB2_GRP1_EnableClock	24	static
stm32l5xx_ll_bus.h:916:22:LL_APB1_GRP2_EnableClock	24	static
main.c:104:5:main	8	static
main.c:166:6:SystemClock_Config	104	static
main.c:225:6:PeriphCommonClock_Config	160	static
main.c:252:13:MX_ADC1_Init	48	static
main.c:316:13:MX_DFSDM1_Init	8	static
main.c:388:13:MX_I2C1_Init	8	static
main.c:434:13:MX_LPUART1_UART_Init	8	static
main.c:482:13:MX_USART1_UART_Init	8	static
main.c:530:13:MX_OCTOSPI1_Init	8	static
main.c:571:13:MX_SAI1_Init	8	static
main.c:640:13:MX_TIM4_Init	40	static
main.c:686:13:MX_TIM16_Init	8	static
main.c:718:13:MX_TIM17_Init	88	static
main.c:781:13:MX_UCPD1_Init	32	static
main.c:823:13:MX_USB_PCD_Init	8	static
main.c:852:13:MX_FMC_Init	40	static
main.c:913:13:MX_GPIO_Init	64	static
main.c:1044:6:Error_Handler	4	static,ignoring_inline_asm
