stm32l5xx_hal_msp.c:66:6:HAL_MspInit	16	static
stm32l5xx_hal_msp.c:88:6:HAL_ADC_MspInit	48	static
stm32l5xx_hal_msp.c:121:6:HAL_ADC_MspDeInit	16	static
stm32l5xx_hal_msp.c:150:6:HAL_DFSDM_ChannelMspInit	200	static
stm32l5xx_hal_msp.c:206:6:HAL_DFSDM_ChannelMspDeInit	16	static
stm32l5xx_hal_msp.c:238:6:HAL_I2C_MspInit	192	static
stm32l5xx_hal_msp.c:283:6:HAL_I2C_MspDeInit	16	static
stm32l5xx_hal_msp.c:314:6:HAL_UART_MspInit	200	static
stm32l5xx_hal_msp.c:394:6:HAL_UART_MspDeInit	16	static
stm32l5xx_hal_msp.c:441:6:HAL_OSPI_MspInit	200	static
stm32l5xx_hal_msp.c:519:6:HAL_OSPI_MspDeInit	16	static
stm32l5xx_hal_msp.c:561:6:HAL_TIM_Base_MspInit	32	static
stm32l5xx_hal_msp.c:599:6:HAL_TIM_MspPostInit	40	static
stm32l5xx_hal_msp.c:631:6:HAL_TIM_Base_MspDeInit	16	static
stm32l5xx_hal_msp.c:675:6:HAL_PCD_MspInit	192	static
stm32l5xx_hal_msp.c:720:6:HAL_PCD_MspDeInit	16	static
stm32l5xx_hal_msp.c:745:13:HAL_FMC_MspInit	32	static
stm32l5xx_hal_msp.c:826:6:HAL_SRAM_MspInit	16	static
stm32l5xx_hal_msp.c:838:13:HAL_FMC_MspDeInit	8	static
stm32l5xx_hal_msp.c:902:6:HAL_SRAM_MspDeInit	16	static
stm32l5xx_hal_msp.c:914:6:HAL_SAI_MspInit	48	static
stm32l5xx_hal_msp.c:964:6:HAL_SAI_MspDeInit	16	static
