stm32l5xx_hal_ospi.c:308:19:HAL_OSPI_Init	32	static
stm32l5xx_hal_ospi.c:435:13:HAL_OSPI_MspInit	16	static
stm32l5xx_hal_ospi.c:450:19:HAL_OSPI_DeInit	24	static
stm32l5xx_hal_ospi.c:493:13:HAL_OSPI_MspDeInit	16	static
stm32l5xx_hal_ospi.c:533:6:HAL_OSPI_IRQHandler	32	static
stm32l5xx_hal_ospi.c:764:19:HAL_OSPI_Command	48	static
stm32l5xx_hal_ospi.c:894:19:HAL_OSPI_Command_IT	32	static
stm32l5xx_hal_ospi.c:984:19:HAL_OSPI_HyperbusCfg	48	static
stm32l5xx_hal_ospi.c:1031:19:HAL_OSPI_HyperbusCmd	40	static
stm32l5xx_hal_ospi.c:1093:19:HAL_OSPI_Transmit	48	static
stm32l5xx_hal_ospi.c:1167:19:HAL_OSPI_Receive	56	static
stm32l5xx_hal_ospi.c:1259:19:HAL_OSPI_Transmit_IT	24	static
stm32l5xx_hal_ospi.c:1309:19:HAL_OSPI_Receive_IT	32	static
stm32l5xx_hal_ospi.c:1382:19:HAL_OSPI_Transmit_DMA	24	static
stm32l5xx_hal_ospi.c:1505:19:HAL_OSPI_Receive_DMA	32	static
stm32l5xx_hal_ospi.c:1644:19:HAL_OSPI_AutoPolling	48	static
stm32l5xx_hal_ospi.c:1722:19:HAL_OSPI_AutoPolling_IT	40	static
stm32l5xx_hal_ospi.c:1797:19:HAL_OSPI_MemoryMapped	32	static
stm32l5xx_hal_ospi.c:1850:13:HAL_OSPI_ErrorCallback	16	static
stm32l5xx_hal_ospi.c:1865:13:HAL_OSPI_AbortCpltCallback	16	static
stm32l5xx_hal_ospi.c:1880:13:HAL_OSPI_FifoThresholdCallback	16	static
stm32l5xx_hal_ospi.c:1895:13:HAL_OSPI_CmdCpltCallback	16	static
stm32l5xx_hal_ospi.c:1910:13:HAL_OSPI_RxCpltCallback	16	static
stm32l5xx_hal_ospi.c:1925:14:HAL_OSPI_TxCpltCallback	16	static
stm32l5xx_hal_ospi.c:1940:13:HAL_OSPI_RxHalfCpltCallback	16	static
stm32l5xx_hal_ospi.c:1955:13:HAL_OSPI_TxHalfCpltCallback	16	static
stm32l5xx_hal_ospi.c:1970:13:HAL_OSPI_StatusMatchCallback	16	static
stm32l5xx_hal_ospi.c:1985:13:HAL_OSPI_TimeOutCallback	16	static
stm32l5xx_hal_ospi.c:2235:19:HAL_OSPI_Abort	40	static
stm32l5xx_hal_ospi.c:2303:19:HAL_OSPI_Abort_IT	24	static
stm32l5xx_hal_ospi.c:2381:19:HAL_OSPI_SetFifoThreshold	24	static
stm32l5xx_hal_ospi.c:2409:10:HAL_OSPI_GetFifoThreshold	16	static
stm32l5xx_hal_ospi.c:2419:19:HAL_OSPI_SetTimeout	16	static
stm32l5xx_hal_ospi.c:2430:10:HAL_OSPI_GetError	16	static
stm32l5xx_hal_ospi.c:2440:10:HAL_OSPI_GetState	16	static
stm32l5xx_hal_ospi.c:2459:13:OSPI_DMACplt	24	static
stm32l5xx_hal_ospi.c:2479:13:OSPI_DMAHalfCplt	24	static
stm32l5xx_hal_ospi.c:2507:13:OSPI_DMAError	24	static
stm32l5xx_hal_ospi.c:2539:13:OSPI_DMAAbortCplt	24	static
stm32l5xx_hal_ospi.c:2596:26:OSPI_WaitFlagStateUntilTimeout	24	static
stm32l5xx_hal_ospi.c:2623:26:OSPI_ConfigCmd	40	static
