stm32l5xx_hal_sd.c:334:19:HAL_SD_Init	48	static
stm32l5xx_hal_sd.c:464:19:HAL_SD_InitCard	72	static
stm32l5xx_hal_sd.c:545:19:HAL_SD_DeInit	16	static
stm32l5xx_hal_sd.c:602:13:HAL_SD_MspInit	16	static
stm32l5xx_hal_sd.c:617:13:HAL_SD_MspDeInit	16	static
stm32l5xx_hal_sd.c:658:19:HAL_SD_ReadBlocks	80	static
stm32l5xx_hal_sd.c:840:19:HAL_SD_WriteBlocks	80	static
stm32l5xx_hal_sd.c:1023:19:HAL_SD_ReadBlocks_IT	56	static
stm32l5xx_hal_sd.c:1116:19:HAL_SD_WriteBlocks_IT	56	static
stm32l5xx_hal_sd.c:1211:19:HAL_SD_ReadBlocks_DMA	56	static
stm32l5xx_hal_sd.c:1309:19:HAL_SD_WriteBlocks_DMA	56	static
stm32l5xx_hal_sd.c:1404:19:HAL_SD_Erase	40	static
stm32l5xx_hal_sd.c:1506:6:HAL_SD_IRQHandler	24	static
stm32l5xx_hal_sd.c:1740:21:HAL_SD_GetState	16	static
stm32l5xx_hal_sd.c:1751:10:HAL_SD_GetError	16	static
stm32l5xx_hal_sd.c:1761:13:HAL_SD_TxCpltCallback	16	static
stm32l5xx_hal_sd.c:1776:13:HAL_SD_RxCpltCallback	16	static
stm32l5xx_hal_sd.c:1791:13:HAL_SD_ErrorCallback	16	static
stm32l5xx_hal_sd.c:1806:13:HAL_SD_AbortCallback	16	static
stm32l5xx_hal_sd.c:1822:14:HAL_SD_DriveTransceiver_1_8V_Callback	16	static
stm32l5xx_hal_sd.c:2135:19:HAL_SD_GetCardCID	16	static
stm32l5xx_hal_sd.c:2168:19:HAL_SD_GetCardCSD	16	static
stm32l5xx_hal_sd.c:2282:19:HAL_SD_GetCardStatus	88	static
stm32l5xx_hal_sd.c:2346:19:HAL_SD_GetCardInfo	16	static
stm32l5xx_hal_sd.c:2371:19:HAL_SD_ConfigWideBusOperation	72	static
stm32l5xx_hal_sd.c:2479:19:HAL_SD_ConfigSpeedBusOperation	32	static
stm32l5xx_hal_sd.c:2730:25:HAL_SD_GetCardState	32	static
stm32l5xx_hal_sd.c:2753:19:HAL_SD_Abort	24	static
stm32l5xx_hal_sd.c:2790:19:HAL_SD_Abort_IT	24	static
stm32l5xx_hal_sd.c:2847:17:SD_InitCard	72	static
stm32l5xx_hal_sd.c:2936:17:SD_PowerON	40	static
stm32l5xx_hal_sd.c:3100:13:SD_PowerOFF	16	static
stm32l5xx_hal_sd.c:3113:17:SD_SendSDStatus	56	static
stm32l5xx_hal_sd.c:3219:17:SD_SendStatus	24	static
stm32l5xx_hal_sd.c:3246:17:SD_WideBus_Enable	32	static
stm32l5xx_hal_sd.c:3293:17:SD_WideBus_Disable	32	static
stm32l5xx_hal_sd.c:3342:17:SD_FindSCR	64	static
stm32l5xx_hal_sd.c:3437:13:SD_Read_IT	32	static
stm32l5xx_hal_sd.c:3471:13:SD_Write_IT	32	static
stm32l5xx_hal_sd.c:3507:10:SD_HighSpeed	128	static
stm32l5xx_hal_sd.c:3618:17:SD_UltraHighSpeed	128	static
stm32l5xx_hal_sd.c:3746:17:SD_DDR_Mode	128	static
stm32l5xx_hal_sd.c:3873:13:HAL_SDEx_Read_DMADoubleBuf0CpltCallback	16	static
stm32l5xx_hal_sd.c:3888:13:HAL_SDEx_Read_DMADoubleBuf1CpltCallback	16	static
stm32l5xx_hal_sd.c:3903:13:HAL_SDEx_Write_DMADoubleBuf0CpltCallback	16	static
stm32l5xx_hal_sd.c:3918:13:HAL_SDEx_Write_DMADoubleBuf1CpltCallback	16	static
