new:173:33:void* operator new(std::size_t, void*)	16	static
gthr-default.h:229:1:int __gthread_key_delete(__gthread_key_t)	16	static
vector_base.h:153:5:etl::vector_base::vector_base(size_t)	16	static
vector_base.h:161:5:etl::vector_base::~vector_base()	16	static
ble.cpp:64:6:bool ble::init(ble::Role)	56	static
ble.cpp:176:10:bool ble::advertising::start()	104	static
ble.cpp:230:10:void ble::advertising::stop()	16	static
ble.cpp:237:10:void ble::advertising::clear()	8	static
ble.cpp:243:10:bool ble::advertising::add_name(const char*)	24	static
ble.cpp:256:10:bool ble::advertising::add_uuid16(uint16_t)	24	static
ble.cpp:273:10:bool ble::advertising::add_uuid128(const uint8_t*)	24	static
ble.cpp:293:6:void ble::register_callback(ble::event_callback)	16	static
ble.cpp:300:6:void ble::process_events()	8	static
ble.cpp:360:6:void ble::thread(void*)	16	static
ble.cpp:372:13:void ble::process_aci_packet(void*)	24	static
vector.h:1139:5:etl::vector<T, MAX_SIZE_>::vector() [with T = char; unsigned int MAX_SIZE_ = 31]	16	static
vector.h:1139:5:etl::vector<T, MAX_SIZE_>::vector() [with T = unsigned char; unsigned int MAX_SIZE_ = 31]	16	static
vector.h:896:15:etl::ivector<T>::size_type etl::ivector<T>::size() const [with T = char]	16	static
vector.h:896:15:etl::ivector<T>::size_type etl::ivector<T>::size() const [with T = unsigned char]	16	static
vector.h:342:13:T* etl::ivector<T>::data() [with T = char]	16	static
vector.h:342:13:T* etl::ivector<T>::data() [with T = unsigned char]	16	static
vector.h:398:10:void etl::ivector<T>::clear() [with T = char]	16	static
vector.h:398:10:void etl::ivector<T>::clear() [with T = unsigned char]	16	static
vector.h:422:10:void etl::ivector<T>::push_back(etl::ivector<T>::rvalue_reference) [with T = char]	16	static
vector.h:108:14:T* etl::ivector<T>::begin() [with T = char]	16	static
iterator.h:214:77:constexpr typename std::iterator_traits<_Iterator>::difference_type etl::distance(TIterator, TIterator) [with TIterator = const char*]	16	static
vector.h:767:10:void etl::ivector<T>::insert(etl::ivector<T>::iterator, TIterator, TIterator) [with TIterator = const char*; T = char]	72	static
vector.h:905:10:bool etl::ivector<T>::empty() const [with T = unsigned char]	16	static
vector.h:422:10:void etl::ivector<T>::push_back(etl::ivector<T>::rvalue_reference) [with T = unsigned char]	16	static
vector.h:263:15:T& etl::ivector<T>::operator[](size_t) [with T = unsigned char]	16	static
vector.h:408:10:void etl::ivector<T>::push_back(etl::ivector<T>::const_reference) [with T = unsigned char]	16	static
vector.h:940:5:etl::ivector<T>::ivector(T*, size_t) [with T = char]	24	static
vector.h:1032:5:etl::ivector<T>::~ivector() [with T = char]	16	static
vector.h:950:10:void etl::ivector<T>::initialise() [with T = char]	16	static
vector.h:940:5:etl::ivector<T>::ivector(T*, size_t) [with T = unsigned char]	24	static
vector.h:1032:5:etl::ivector<T>::~ivector() [with T = unsigned char]	16	static
vector.h:950:10:void etl::ivector<T>::initialise() [with T = unsigned char]	16	static
utility.h:53:55:constexpr typename etl::remove_reference<T>::type&& etl::move(T&&) [with T = char&]	16	static
vector.h:999:17:void etl::ivector<T>::create_back(etl::ivector<T>::rvalue_reference) [with T = char]	24	static
stl_iterator_base_funcs.h:138:5:constexpr typename std::iterator_traits<_Iterator>::difference_type std::distance(_InputIterator, _InputIterator) [with _InputIterator = const char*]	24	static
iterator.h:214:77:constexpr typename std::iterator_traits<_Iterator>::difference_type etl::distance(TIterator, TIterator) [with TIterator = char*]	16	static
memory.h:445:20:TOutputIterator etl::uninitialized_move(TInputIterator, TInputIterator, TOutputIterator) [with TInputIterator = char*; TOutputIterator = char*]	24	static
algorithm.h:368:14:TIterator2 etl::move_backward(TIterator1, TIterator1, TIterator2) [with TIterator1 = char*; TIterator2 = char*]	24	static
memory.h:297:20:TOutputIterator etl::uninitialized_copy(TInputIterator, TInputIterator, TOutputIterator) [with TInputIterator = const char*; TOutputIterator = char*]	24	static
algorithm.h:161:14:TIterator2 etl::copy(TIterator1, TIterator1, TIterator2) [with TIterator1 = const char*; TIterator2 = char*]	24	static
utility.h:53:55:constexpr typename etl::remove_reference<T>::type&& etl::move(T&&) [with T = unsigned char&]	16	static
vector.h:999:17:void etl::ivector<T>::create_back(etl::ivector<T>::rvalue_reference) [with T = unsigned char]	24	static
vector.h:987:17:void etl::ivector<T>::create_back(etl::ivector<T>::const_reference) [with T = unsigned char]	16	static
memory.h:1083:8:void etl::destroy(TIterator, TIterator) [with TIterator = char*]	16	static
memory.h:1083:8:void etl::destroy(TIterator, TIterator) [with TIterator = unsigned char*]	16	static
memory.h:1628:8:void etl::create_copy_at(T*, T&&) [with T = char]	24	static
stl_iterator_base_types.h:205:5:constexpr typename std::iterator_traits<_Iterator>::iterator_category std::__iterator_category(const _Iter&) [with _Iter = const char*]	16	static
stl_iterator_base_funcs.h:98:5:constexpr typename std::iterator_traits<_Iterator>::difference_type std::__distance(_RandomAccessIterator, _RandomAccessIterator, std::random_access_iterator_tag) [with _RandomAccessIterator = const char*]	24	static
stl_iterator_base_funcs.h:138:5:constexpr typename std::iterator_traits<_Iterator>::difference_type std::distance(_InputIterator, _InputIterator) [with _InputIterator = char*]	24	static
stl_uninitialized.h:882:5:_ForwardIterator std::uninitialized_move(_InputIterator, _InputIterator, _ForwardIterator) [with _InputIterator = char*; _ForwardIterator = char*]	32	static
stl_algobase.h:676:5:_BI2 std::move_backward(_BI1, _BI1, _BI2) [with _BI1 = char*; _BI2 = char*]	32	static
stl_uninitialized.h:115:5:_ForwardIterator std::uninitialized_copy(_InputIterator, _InputIterator, _ForwardIterator) [with _InputIterator = const char*; _ForwardIterator = char*]	32	static
stl_algobase.h:465:5:_OI std::copy(_II, _II, _OI) [with _II = const char*; _OI = char*]	32	static
memory.h:1628:8:void etl::create_copy_at(T*, T&&) [with T = unsigned char]	24	static
memory.h:1617:9:void etl::create_copy_at(T*, const T&) [with T = unsigned char]	16	static
stl_construct.h:219:5:void std::destroy(_ForwardIterator, _ForwardIterator) [with _ForwardIterator = char*]	16	static
stl_construct.h:219:5:void std::destroy(_ForwardIterator, _ForwardIterator) [with _ForwardIterator = unsigned char*]	16	static
stl_iterator_base_types.h:205:5:constexpr typename std::iterator_traits<_Iterator>::iterator_category std::__iterator_category(const _Iter&) [with _Iter = char*]	16	static
stl_iterator_base_funcs.h:98:5:constexpr typename std::iterator_traits<_Iterator>::difference_type std::__distance(_RandomAccessIterator, _RandomAccessIterator, std::random_access_iterator_tag) [with _RandomAccessIterator = char*]	24	static
stl_iterator.h:1225:5:constexpr std::move_iterator<_IteratorL> std::make_move_iterator(_Iterator) [with _Iterator = char*]	24	static
stl_uninitialized.h:115:5:_ForwardIterator std::uninitialized_copy(_InputIterator, _InputIterator, _ForwardIterator) [with _InputIterator = std::move_iterator<char*>; _ForwardIterator = char*]	32	static
cpp_type_traits.h:428:5:_Iterator std::__miter_base(_Iterator) [with _Iterator = char*]	16	static
stl_algobase.h:613:5:_BI2 std::__copy_move_backward_a2(_BI1, _BI1, _BI2) [with bool _IsMove = true; _BI1 = char*; _BI2 = char*]	32	static
stl_uninitialized.h:99:9:static _ForwardIterator std::__uninitialized_copy<true>::__uninit_copy(_InputIterator, _InputIterator, _ForwardIterator) [with _InputIterator = const char*; _ForwardIterator = char*]	24	static
cpp_type_traits.h:428:5:_Iterator std::__miter_base(_Iterator) [with _Iterator = const char*]	16	static
stl_algobase.h:438:5:_OI std::__copy_move_a2(_II, _II, _OI) [with bool _IsMove = false; _II = const char*; _OI = char*]	32	static
stl_construct.h:127:5:void std::_Destroy(_ForwardIterator, _ForwardIterator) [with _ForwardIterator = char*]	16	static
stl_construct.h:127:5:void std::_Destroy(_ForwardIterator, _ForwardIterator) [with _ForwardIterator = unsigned char*]	16	static
stl_iterator.h:1057:7:constexpr std::move_iterator<_Iterator>::move_iterator(std::move_iterator<_Iterator>::iterator_type) [with _Iterator = char*]	16	static
stl_uninitialized.h:99:9:static _ForwardIterator std::__uninitialized_copy<true>::__uninit_copy(_InputIterator, _InputIterator, _ForwardIterator) [with _InputIterator = std::move_iterator<char*>; _ForwardIterator = char*]	24	static
stl_algobase.h:280:5:_Iterator std::__niter_base(_Iterator) [with _Iterator = char*]	16	static
stl_algobase.h:595:5:_BI2 std::__copy_move_backward_a(_BI1, _BI1, _BI2) [with bool _IsMove = true; _BI1 = char*; _BI2 = char*]	32	static
stl_algobase.h:295:5:_Iterator std::__niter_wrap(const _Iterator&, _Iterator) [with _Iterator = char*]	16	static
stl_algobase.h:280:5:_Iterator std::__niter_base(_Iterator) [with _Iterator = const char*]	16	static
stl_algobase.h:393:5:_OI std::__copy_move_a(_II, _II, _OI) [with bool _IsMove = false; _II = const char*; _OI = char*]	32	static
stl_construct.h:117:9:static void std::_Destroy_aux<true>::__destroy(_ForwardIterator, _ForwardIterator) [with _ForwardIterator = char*]	16	static
stl_construct.h:117:9:static void std::_Destroy_aux<true>::__destroy(_ForwardIterator, _ForwardIterator) [with _ForwardIterator = unsigned char*]	16	static
stl_algobase.h:465:5:_OI std::copy(_II, _II, _OI) [with _II = std::move_iterator<char*>; _OI = char*]	32	static
stl_algobase.h:577:2:static _Tp* std::__copy_move_backward<_IsMove, true, std::random_access_iterator_tag>::__copy_move_b(const _Tp*, const _Tp*, _Tp*) [with _Tp = char; bool _IsMove = true]	32	static
stl_algobase.h:375:2:static _Tp* std::__copy_move<_IsMove, true, std::random_access_iterator_tag>::__copy_m(const _Tp*, const _Tp*, _Tp*) [with _Tp = char; bool _IsMove = false]	32	static
stl_iterator.h:1262:5:base())) std::__miter_base(std::move_iterator<_IteratorL>) [with _Iterator = char*]	16	static
stl_algobase.h:438:5:_OI std::__copy_move_a2(_II, _II, _OI) [with bool _IsMove = true; _II = char*; _OI = char*]	32	static
stl_iterator.h:1066:7:constexpr std::move_iterator<_Iterator>::iterator_type std::move_iterator<_Iterator>::base() const [with _Iterator = char*]	16	static
stl_algobase.h:393:5:_OI std::__copy_move_a(_II, _II, _OI) [with bool _IsMove = true; _II = char*; _OI = char*]	32	static
stl_algobase.h:375:2:static _Tp* std::__copy_move<_IsMove, true, std::random_access_iterator_tag>::__copy_m(const _Tp*, const _Tp*, _Tp*) [with _Tp = char; bool _IsMove = true]	32	static
ble.cpp:378:1:void __static_initialization_and_destruction_0(int, int)	16	static
vector.h:1261:5:etl::vector<T, MAX_SIZE_>::~vector() [with T = unsigned char; unsigned int MAX_SIZE_ = 31]	16	static
vector.h:1261:5:etl::vector<T, MAX_SIZE_>::~vector() [with T = char; unsigned int MAX_SIZE_ = 31]	16	static
ble.cpp:378:1:cpp)	8	static
ble.cpp:378:1:cpp)	8	static
